Informasjonssystemer
Organizational culture is ...
.The process of learning new methods and systems
.Representation of change theories that identifies the phases of change
.Reinforce changes to make the new process accepted
..The major understanding and assumptions for a business
.Adapting to new conditions or altering practices over time
.Profits generated as a percentage of the investment in IS
.The increase in profit
.How organizations plan for, implement, and handle change
.Ceasing old habits and creating a climate receptive to change
Organizational change is ...
.Adapting to new conditions or altering practices over time
.The major understanding and assumptions for a business
.Ceasing old habits and creating a climate receptive to change
..How organizations plan for, implement, and handle change
.The process of learning new methods and systems
.Profits generated as a percentage of the investment in IS
.Representation of change theories that identifies the phases of change
.Reinforce changes to make the new process accepted
.The increase in profit
Change model is ...
.The major understanding and assumptions for a business
..Representation of change theories that identifies the phases of change
.How organizations plan for, implement, and handle change
.The increase in profit
.Ceasing old habits and creating a climate receptive to change
.Reinforce changes to make the new process accepted
.The process of learning new methods and systems
.Adapting to new conditions or altering practices over time
.Profits generated as a percentage of the investment in IS
Unfreezing is ...
.The increase in profit
.Reinforce changes to make the new process accepted
.The major understanding and assumptions for a business
.The process of learning new methods and systems
.Adapting to new conditions or altering practices over time
.Representation of change theories that identifies the phases of change
.How organizations plan for, implement, and handle change
..Ceasing old habits and creating a climate receptive to change
.Profits generated as a percentage of the investment in IS
Moring is ...
.Reinforce changes to make the new process accepted
.Adapting to new conditions or altering practices over time
..The process of learning new methods and systems
.How organizations plan for, implement, and handle change
.Ceasing old habits and creating a climate receptive to change
.Representation of change theories that identifies the phases of change
.The major understanding and assumptions for a business
.The increase in profit
.Profits generated as a percentage of the investment in IS
Refreezing is ...
.Representation of change theories that identifies the phases of change
.The major understanding and assumptions for a business
.How organizations plan for, implement, and handle change
.The increase in profit
..Reinforce changes to make the new process accepted
.The process of learning new methods and systems
.Ceasing old habits and creating a climate receptive to change
.Adapting to new conditions or altering practices over time
.Profits generated as a percentage of the investment in IS
Organizational learning is ...
.Profits generated as a percentage of the investment in IS
.Representation of change theories that identifies the phases of change
.The major understanding and assumptions for a business
..Adapting to new conditions or altering practices over time
.The process of learning new methods and systems
.The increase in profit
.How organizations plan for, implement, and handle change
.Ceasing old habits and creating a climate receptive to change
.Reinforce changes to make the new process accepted
Return of Investment (ROI) is ...
.The process of learning new methods and systems
.Ceasing old habits and creating a climate receptive to change
.How organizations plan for, implement, and handle change
..Profits generated as a percentage of the investment in IS
.The major understanding and assumptions for a business
.Representation of change theories that identifies the phases of change
.Reinforce changes to make the new process accepted
.The increase in profit
.Adapting to new conditions or altering practices over time
Earning growth is ...
.The process of learning new methods and systems
.The major understanding and assumptions for a business
.Profits generated as a percentage of the investment in IS
.Adapting to new conditions or altering practices over time
.Reinforce changes to make the new process accepted
.Ceasing old habits and creating a climate receptive to change
.Representation of change theories that identifies the phases of change
..The increase in profit
.How organizations plan for, implement, and handle change
