MMI
Don Norman's "The Design of Everyday Things": Hva ligger i begrepet "Constraints"?
.Hva slags hensikt/signal sender et objekt?
..Noen ganger bør vise begrensninger på en gjenstand
.En handling skal resultere i en tilbakemelding eller konsekvens
.Hvordan brukeren tolker produktet
Don Norman's "The Design of Everyday Things": Hva ligger i begrepet "Feedback"?
.Hva slags hensikt/signal sender et objekt?
.Noen ganger bør vise begrensninger på en gjenstand
..En handling skal resultere i en tilbakemelding eller konsekvens
.Hvordan brukeren tolker produktet
Don Norman's "The Design of Everyday Things": Hva ligger i begrepet "Mapping"?
.Hva slags hensikt/signal sender et objekt?
.Noen ganger bør vise begrensninger på en gjenstand
.En handling skal resultere i en tilbakemelding eller konsekvens
..Hvordan brukeren tolker produktet
