MMI
MVC - Er følgende en beskrivelse av Model, View eller Controller? "Representerer gjerne et objekt, og har dermed attributter kalt properties. Modellen må ha metoder for å lese og skrive attributtene, og kunne sende ut endringshendelser."
.Controller
..Model
.View
MVC - Er følgende en beskrivelse av Model, View eller Controller? "Leser og visualiserer data."
..View
.Model
.Controller
MVC - Er følgende en beskrivelse av Model, View eller Controller? "Tolker input og endrer data."
.Model
.View
..Controller
