OPERATIVSYSTEMER
Hvordan utføres modusskifter (Mode switching)?
.En annen prosess i en annen modus kalles for å få de nødvendige tilgangene
.Bare adresserommet utvides slik at aktiviteter kan få tilgang til og deretter nektes tilgang til hele maskinens lager.
..Adresserom og instruksjonssett skiftes alik at aktiviteter kan få tilgang til og deretter nektes tilgang til hele maskinens lager og muligheter.
Hvordan utføres I/O-buffering?
.En instruksjon benyttes for å sette prosessen på vent frem til I/O enheten er klar til å leses fra eller skrives til
..Et mellomlager i OS-et brukes ved innlesing og utskriving for å unngå kjøreblokkering / swapp-blokkering (enkel buffring), og til å utjevne hastighetsvariasjoner (multippel buffring).
.En dedikert pipeline med flytkontroll sørger for at data som leses eller skrives til I/O enheten er synkronisert til riktig hastighet og mengde.
Maskinvarebasert prosesstyring må brukes på høyeste kodenivå (som for lange kritiske regioner eller generell tidsordning), mens programvarebasert prosesstyring må brukes på lavt kodenivå (som for svært korte kritiske regioner).
.True
..False
