Datamaskiner Grunnkurs
Hvilken påstand om en prosessor er ikke riktig?
		En generell prosessor trenger bare instruksjoner for aritmetiske operasjoner og betingede hopp
	En prosessor er ofte delt inn i en utførende enhet og en kontrollenhet
	Hovedoperasjonen til en prosessor kan beskrives som en fetch-decode-execute løkke
	Prosessorer bruker ofte parallellitet for å øke ytelsen 
Hvilken av disse påstandene om RISC-maskiner er ikke korrekt?
	RISC-maskiner har mange generelle registre
	RISC-maskiner har få og enkle instruksjonsformater
	RISC-maskiner aksesserer kun minne gjennom Load-og Store-instruksjoner
		RISC-maskiner ble oppfunnet for å tette gapet mellom høynivåspråk og maskinkode
Hva er det viktigste kjennetegnet ved en Von Neumann-arkitektur?
	Arkitekturen mangler flyttallsenhet fordi programmereren bør kunne holde styr på komma
	Arkitekturen har et hurtigbuffer til data og et til instruksjoner
		Både program og data er lagret i samme minne
	Von Neumann-maskiner er alltid CISC
Hvilken av disse påstandene er ikke en grunn til at man har begynt å bygge flerkjerneprosessorer (eng: Chip Multiprocessor, multi-core architecture)?
	Det er vanskelig å øke ytelsen ytterligere ved hjelp av teknikker som utnytter ILP
	Avanserte enkjerneprosessorer er så kompliserte at det å designe og verifisere dem utgjør en betydelig kostnad
	Det er vanskelig å designe enkjerneprosessorer med høy ytelse og et akseptabelt effektforbru
		Når man plasserer flere prosessorer på samme brikke, senker man behovet for minnebåndbredd
Hvilken av disse påstandene om flerkjerneprosessorgenerasjoner (eng: Chip Multiprocessorgenerations) er ikke korrekt?
		Første generasjon med flerkjerneprosessorer er det beste valget hvis du trenger rask kommunikasjonmellom prosessorkjernene
	Andre generasjon med flerkjerneprosessorer deler hurtigbuffer mellom prosessorkjernene
	Tredje generasjon med flerkjerneprosessorer prioriterer throughput fremfor høy ytelse per tråd
	Tredje generasjon med flerkjerneprosessorer benytter multithreading i prosessorkjernene
Hvilken påstand om et set-assosiativt hurtigbuffer (eng: cache) er riktig?
	Et dataelement kan lagres på kun en lokasjon i hurtigbufferet
	Et dataelement kan lagres på alle lokasjoner i hurtigbufferet
		Et dataelement kan lagres på noen bestemte lokasjoner i hurtigbufferet
	Set-assosiative hurtigbuffere er lite brukt i moderne prosessorer
Anta en prosessor med ett nivå hurtigbuffer (eng: cache), en hurtigbufferaksesstid på 3 klokkesykler og en minnelatens på 400 klokkesykler. Hva blir den gjennomsnittlige minneaksesstiden når 95% av forespørslene treffer i hurtigbufferet?
	3 klokkesykler
		23 klokkesykler
	380 klokkesykler
	400 klokkesykler
Hva er verdien til flyttallet 001101100 i 10-tallsystemet?
	0.09375
		0.1875
	0.375
	0.75
